------------------------------------------------------------
TimeQuest Timing Analyzer Summary
------------------------------------------------------------

Type  : Slow Model Setup 'CLOCK_50'
Slack : 2.956
TNS   : 0.000

Type  : Slow Model Setup 'vga_u0|mypll|altpll_component|pll|clk[0]'
Slack : 32.958
TNS   : 0.000

Type  : Slow Model Hold 'CLOCK_50'
Slack : 0.391
TNS   : 0.000

Type  : Slow Model Hold 'vga_u0|mypll|altpll_component|pll|clk[0]'
Slack : 0.391
TNS   : 0.000

Type  : Slow Model Recovery 'CLOCK_50'
Slack : 17.524
TNS   : 0.000

Type  : Slow Model Removal 'CLOCK_50'
Slack : 1.830
TNS   : 0.000

Type  : Slow Model Minimum Pulse Width 'CLOCK_50'
Slack : 7.620
TNS   : 0.000

Type  : Slow Model Minimum Pulse Width 'vga_u0|mypll|altpll_component|pll|clk[0]'
Slack : 17.873
TNS   : 0.000

Type  : Fast Model Setup 'CLOCK_50'
Slack : 6.865
TNS   : 0.000

Type  : Fast Model Setup 'vga_u0|mypll|altpll_component|pll|clk[0]'
Slack : 36.799
TNS   : 0.000

Type  : Fast Model Hold 'CLOCK_50'
Slack : 0.215
TNS   : 0.000

Type  : Fast Model Hold 'vga_u0|mypll|altpll_component|pll|clk[0]'
Slack : 0.215
TNS   : 0.000

Type  : Fast Model Recovery 'CLOCK_50'
Slack : 18.745
TNS   : 0.000

Type  : Fast Model Removal 'CLOCK_50'
Slack : 0.950
TNS   : 0.000

Type  : Fast Model Minimum Pulse Width 'CLOCK_50'
Slack : 7.620
TNS   : 0.000

Type  : Fast Model Minimum Pulse Width 'vga_u0|mypll|altpll_component|pll|clk[0]'
Slack : 17.873
TNS   : 0.000

------------------------------------------------------------
