------------------------------------------------------------
TimeQuest Timing Analyzer Summary
------------------------------------------------------------

Type  : Slow Model Setup 'KEY[0]'
Slack : -7.232
TNS   : -110.470

Type  : Slow Model Setup 'CLOCK_27'
Slack : -2.955
TNS   : -59.237

Type  : Slow Model Hold 'KEY[0]'
Slack : 0.172
TNS   : 0.000

Type  : Slow Model Hold 'CLOCK_27'
Slack : 0.531
TNS   : 0.000

Type  : Slow Model Minimum Pulse Width 'CLOCK_27'
Slack : -1.380
TNS   : -33.380

Type  : Slow Model Minimum Pulse Width 'KEY[0]'
Slack : -1.222
TNS   : -36.222

Type  : Fast Model Setup 'KEY[0]'
Slack : -2.524
TNS   : -37.938

Type  : Fast Model Setup 'CLOCK_27'
Slack : -0.914
TNS   : -12.002

Type  : Fast Model Hold 'KEY[0]'
Slack : 0.217
TNS   : 0.000

Type  : Fast Model Hold 'CLOCK_27'
Slack : 0.243
TNS   : 0.000

Type  : Fast Model Minimum Pulse Width 'CLOCK_27'
Slack : -1.380
TNS   : -33.380

Type  : Fast Model Minimum Pulse Width 'KEY[0]'
Slack : -1.222
TNS   : -36.222

------------------------------------------------------------
